// Vitest Snapshot v1, https://vitest.dev/guide/snapshot.html

exports[`NotFoundPage > matches the snapshot 1`] = `
<DocumentFragment>
  <div
    class="_errorContainer_48fbbd"
  >
    <img
      alt="Ditto"
      src="/src/assets/ditto.png"
    />
    <h1
      class="text-4xl"
    >
      Oh no! It's a Ditto!
    </h1>
    <p
      class="_subtitle_48fbbd text-xl"
    >
      The page you are looking for seems to have transformed and escaped.
    </p>
    <p
      class="_text_48fbbd text-lg"
    >
      Maybe it's playing hide and seek, or perhaps you took a wrong turn at Lavender Town.
    </p>
    <button
      class="transition-color text-base"
    >
      Return to Safety
    </button>
  </div>
</DocumentFragment>
`;
